// Jest Snapshot v1, https://goo.gl/fbAQLP

exports[`Hello renders the component correctly 1`] = `
<div>
  Hello world
</div>
`;
