// Jest Snapshot v1, https://goo.gl/fbAQLP

exports[`Label renders the component correctly 1`] = `
<label
  htmlFor={undefined}
  style={
    Object {
      "display": "block",
    }
  }
>
   
</label>
`;
