// Jest Snapshot v1, https://goo.gl/fbAQLP

exports[`DealArrowWrapper renders the component correctly 1`] = `
<div
  className="deal"
>
  <div
    className="deal-rating great"
  >
    <svg
      className="deal-arrow"
      viewBox="0 0 34 34"
      xmlns="http://www.w3.org/2000/svg"
    >
      <circle
        cx="17"
        cy="17"
        fill="#ccc"
        r="15"
      />
      <path
        className="arrow"
        d="M25.779,17l-7.97-7.97v4.857H8.221v6.226h9.588V24.97Z"
        fill="#fff"
      />
      <path
        className="no-price"
        d="M11.491,24.707a.731.731,0,0,1-.73-.733.723.723,0,0,1,.157-.451L21.934,9.571a.731.731,0,0,1,1.148.906h0L12.065,24.43A.725.725,0,0,1,11.491,24.707Z"
        fill="#fff"
      />
      <path
        className="uncertain"
        d="M12.713,10.43a7.843,7.843,0,0,1,.829-.635,5.98,5.98,0,0,1,.972-.522,6.1,6.1,0,0,1,1.134-.35A6.474,6.474,0,0,1,16.972,8.8a5.488,5.488,0,0,1,1.762.267,3.983,3.983,0,0,1,1.363.761,3.4,3.4,0,0,1,.877,1.2,3.823,3.823,0,0,1,.312,1.568,3.964,3.964,0,0,1-.245,1.462,4.114,4.114,0,0,1-.611,1.074,4.708,4.708,0,0,1-.807.789l-.828.628a6.378,6.378,0,0,0-.672.578,1.139,1.139,0,0,0-.34.639l-.255,1.624h-1.88l-.188-1.812a1.478,1.478,0,0,1,.149-.917,2.815,2.815,0,0,1,.579-.724,7.592,7.592,0,0,1,.806-.634,7.319,7.319,0,0,0,.834-.667,3.487,3.487,0,0,0,.65-.811,2.087,2.087,0,0,0,.261-1.074,1.643,1.643,0,0,0-.15-.717,1.617,1.617,0,0,0-.416-.544,1.853,1.853,0,0,0-.64-.35,2.559,2.559,0,0,0-.806-.122,3.565,3.565,0,0,0-1.072.139,3.867,3.867,0,0,0-.746.311c-.2.115-.376.219-.517.31a.707.707,0,0,1-.378.14.607.607,0,0,1-.578-.334Zm2.1,13.108a1.714,1.714,0,0,1,.127-.656,1.6,1.6,0,0,1,.351-.533,1.7,1.7,0,0,1,1.2-.49,1.636,1.636,0,0,1,.662.134,1.758,1.758,0,0,1,.534.356,1.628,1.628,0,0,1,.361.533,1.657,1.657,0,0,1-.895,2.2,1.708,1.708,0,0,1-.662.128,1.755,1.755,0,0,1-.667-.128,1.582,1.582,0,0,1-.884-.878A1.707,1.707,0,0,1,14.815,23.538Z"
        fill="#fff"
      />
    </svg>
  </div>
  
</div>
`;
