// Jest Snapshot v1, https://goo.gl/fbAQLP

exports[`Pane renders the component correctly 1`] = `
<div
  className="tab-pane"
>
  <div>
    This is my tab 1 contents!
  </div>
</div>
`;
