// Jest Snapshot v1, https://goo.gl/fbAQLP

exports[`Pane renders the component correctly 1`] = `<div />`;
