// Jest Snapshot v1, https://goo.gl/fbAQLP

exports[`Pagination renders the component correctly 1`] = `
<ul
  className="pagination"
>
  <li
    className="disabled"
  >
    <a
      onClick={[Function]}
    >
      First
    </a>
  </li>
  <li
    className="active"
  >
    <a
      onClick={[Function]}
    >
      1
    </a>
  </li>
  <li
    className=""
  >
    <a
      onClick={[Function]}
    >
      2
    </a>
  </li>
  <li
    className=""
  >
    <a
      onClick={[Function]}
    >
      3
    </a>
  </li>
  <li
    className=""
  >
    <a
      onClick={[Function]}
    >
      4
    </a>
  </li>
  <li
    className=""
  >
    <a
      onClick={[Function]}
    >
      5
    </a>
  </li>
  <li
    className=""
  >
    <a
      onClick={[Function]}
    >
      6
    </a>
  </li>
  <li
    className=""
  >
    <a
      onClick={[Function]}
    >
      7
    </a>
  </li>
  <li
    className=""
  >
    <a
      onClick={[Function]}
    >
      8
    </a>
  </li>
  <li
    className=""
  >
    <a
      onClick={[Function]}
    >
      9
    </a>
  </li>
  <li
    className=""
  >
    <a
      onClick={[Function]}
    >
      10
    </a>
  </li>
  <li
    className=""
  >
    <a
      onClick={[Function]}
    >
      â†’
    </a>
  </li>
  <li
    className=""
  >
    <a
      onClick={[Function]}
    >
      Last
    </a>
  </li>
</ul>
`;
